[     -27ms] [LOG] [DEBUG] Renderizando celda: {columnId: telefono, isReference: undefined, value: Object} @ webpack-internal:///(app-pages-browser)/./lib/table-system/core/services/logging-service.ts:43
[     -27ms] [LOG] [DEBUG] Renderizando celda: {columnId: telefono, isReference: undefined, value: Object} @ webpack-internal:///(app-pages-browser)/./lib/table-system/core/services/logging-service.ts:43
[     -27ms] [LOG] [DEBUG] Renderizando celda: {columnId: ciudad, isReference: undefined, value: Object} @ webpack-internal:///(app-pages-browser)/./lib/table-system/core/services/logging-service.ts:43
[     -27ms] [LOG] [DEBUG] Renderizando celda: {columnId: ciudad, isReference: undefined, value: Object} @ webpack-internal:///(app-pages-browser)/./lib/table-system/core/services/logging-service.ts:43
[     -27ms] [LOG] [DEBUG] Renderizando celda: {columnId: rol, isReference: undefined, value: Object} @ webpack-internal:///(app-pages-browser)/./lib/table-system/core/services/logging-service.ts:43
[     -27ms] [LOG] [DEBUG] Renderizando celda: {columnId: rol, isReference: undefined, value: Object} @ webpack-internal:///(app-pages-browser)/./lib/table-system/core/services/logging-service.ts:43
[     -27ms] [LOG] [DEBUG] Renderizando celda: {columnId: estado, isReference: undefined, value: Object} @ webpack-internal:///(app-pages-browser)/./lib/table-system/core/services/logging-service.ts:43
[     -27ms] [LOG] [DEBUG] Renderizando celda: {columnId: estado, isReference: undefined, value: Object} @ webpack-internal:///(app-pages-browser)/./lib/table-system/core/services/logging-service.ts:43
[     -22ms] [LOG] [DEBUG] Renderizando celda: {columnId: fechaRegistro, isReference: undefined, value: Object} @ webpack-internal:///(app-pages-browser)/./lib/table-system/core/services/logging-service.ts:43
[     -22ms] [LOG] [DEBUG] Renderizando celda: {columnId: fechaRegistro, isReference: undefined, value: Object} @ webpack-internal:///(app-pages-browser)/./lib/table-system/core/services/logging-service.ts:43
[     -22ms] [LOG] [DEBUG] Renderizando celda: {columnId: ultimoContacto, isReference: undefined, value: Object} @ webpack-internal:///(app-pages-browser)/./lib/table-system/core/services/logging-service.ts:43
[     -22ms] [LOG] [DEBUG] Renderizando celda: {columnId: ultimoContacto, isReference: undefined, value: Object} @ webpack-internal:///(app-pages-browser)/./lib/table-system/core/services/logging-service.ts:43
[     -22ms] [LOG] [DEBUG] Renderizando celda: {columnId: valorTotal, isReference: undefined, value: Object} @ webpack-internal:///(app-pages-browser)/./lib/table-system/core/services/logging-service.ts:43
[     -21ms] [LOG] [DEBUG] Renderizando celda: {columnId: valorTotal, isReference: undefined, value: Object} @ webpack-internal:///(app-pages-browser)/./lib/table-system/core/services/logging-service.ts:43
[     -21ms] [LOG] [DEBUG] Renderizando celda: {columnId: satisfaccion, isReference: undefined, value: Object} @ webpack-internal:///(app-pages-browser)/./lib/table-system/core/services/logging-service.ts:43
[     -21ms] [LOG] [DEBUG] Renderizando celda: {columnId: satisfaccion, isReference: undefined, value: Object} @ webpack-internal:///(app-pages-browser)/./lib/table-system/core/services/logging-service.ts:43
[     -21ms] [LOG] [DEBUG] Renderizando celda: {columnId: activo, isReference: undefined, value: Object} @ webpack-internal:///(app-pages-browser)/./lib/table-system/core/services/logging-service.ts:43
[     -21ms] [LOG] [DEBUG] Renderizando celda: {columnId: activo, isReference: undefined, value: Object} @ webpack-internal:///(app-pages-browser)/./lib/table-system/core/services/logging-service.ts:43
[     -20ms] [LOG] [DEBUG] Renderizando celda: {columnId: id, isReference: undefined, value: Object} @ webpack-internal:///(app-pages-browser)/./lib/table-system/core/services/logging-service.ts:43
[     -20ms] [LOG] [DEBUG] Renderizando celda: {columnId: id, isReference: undefined, value: Object} @ webpack-internal:///(app-pages-browser)/./lib/table-system/core/services/logging-service.ts:43
[     -20ms] [LOG] [DEBUG] Renderizando celda: {columnId: nombre, isReference: undefined, value: Object} @ webpack-internal:///(app-pages-browser)/./lib/table-system/core/services/logging-service.ts:43
[     -20ms] [LOG] [DEBUG] Renderizando celda: {columnId: nombre, isReference: undefined, value: Object} @ webpack-internal:///(app-pages-browser)/./lib/table-system/core/services/logging-service.ts:43
[     -20ms] [LOG] [DEBUG] Renderizando celda: {columnId: email, isReference: undefined, value: Object} @ webpack-internal:///(app-pages-browser)/./lib/table-system/core/services/logging-service.ts:43
[     -20ms] [LOG] [DEBUG] Renderizando celda: {columnId: email, isReference: undefined, value: Object} @ webpack-internal:///(app-pages-browser)/./lib/table-system/core/services/logging-service.ts:43
[     -20ms] [LOG] [DEBUG] Renderizando celda: {columnId: telefono, isReference: undefined, value: Object} @ webpack-internal:///(app-pages-browser)/./lib/table-system/core/services/logging-service.ts:43
[     -20ms] [LOG] [DEBUG] Renderizando celda: {columnId: telefono, isReference: undefined, value: Object} @ webpack-internal:///(app-pages-browser)/./lib/table-system/core/services/logging-service.ts:43
[     -20ms] [LOG] [DEBUG] Renderizando celda: {columnId: ciudad, isReference: undefined, value: Object} @ webpack-internal:///(app-pages-browser)/./lib/table-system/core/services/logging-service.ts:43
[     -20ms] [LOG] [DEBUG] Renderizando celda: {columnId: ciudad, isReference: undefined, value: Object} @ webpack-internal:///(app-pages-browser)/./lib/table-system/core/services/logging-service.ts:43
[     -20ms] [LOG] [DEBUG] Renderizando celda: {columnId: rol, isReference: undefined, value: Object} @ webpack-internal:///(app-pages-browser)/./lib/table-system/core/services/logging-service.ts:43
[     -20ms] [LOG] [DEBUG] Renderizando celda: {columnId: rol, isReference: undefined, value: Object} @ webpack-internal:///(app-pages-browser)/./lib/table-system/core/services/logging-service.ts:43
[     -20ms] [LOG] [DEBUG] Renderizando celda: {columnId: estado, isReference: undefined, value: Object} @ webpack-internal:///(app-pages-browser)/./lib/table-system/core/services/logging-service.ts:43
[     -20ms] [LOG] [DEBUG] Renderizando celda: {columnId: estado, isReference: undefined, value: Object} @ webpack-internal:///(app-pages-browser)/./lib/table-system/core/services/logging-service.ts:43
[     -20ms] [LOG] [DEBUG] Renderizando celda: {columnId: fechaRegistro, isReference: undefined, value: Object} @ webpack-internal:///(app-pages-browser)/./lib/table-system/core/services/logging-service.ts:43
[     -20ms] [LOG] [DEBUG] Renderizando celda: {columnId: fechaRegistro, isReference: undefined, value: Object} @ webpack-internal:///(app-pages-browser)/./lib/table-system/core/services/logging-service.ts:43
[     -19ms] [LOG] [DEBUG] Renderizando celda: {columnId: ultimoContacto, isReference: undefined, value: Object} @ webpack-internal:///(app-pages-browser)/./lib/table-system/core/services/logging-service.ts:43
[     -19ms] [LOG] [DEBUG] Renderizando celda: {columnId: ultimoContacto, isReference: undefined, value: Object} @ webpack-internal:///(app-pages-browser)/./lib/table-system/core/services/logging-service.ts:43
[     -19ms] [LOG] [DEBUG] Renderizando celda: {columnId: valorTotal, isReference: undefined, value: Object} @ webpack-internal:///(app-pages-browser)/./lib/table-system/core/services/logging-service.ts:43
[     -19ms] [LOG] [DEBUG] Renderizando celda: {columnId: valorTotal, isReference: undefined, value: Object} @ webpack-internal:///(app-pages-browser)/./lib/table-system/core/services/logging-service.ts:43
[     -19ms] [LOG] [DEBUG] Renderizando celda: {columnId: satisfaccion, isReference: undefined, value: Object} @ webpack-internal:///(app-pages-browser)/./lib/table-system/core/services/logging-service.ts:43
[     -19ms] [LOG] [DEBUG] Renderizando celda: {columnId: satisfaccion, isReference: undefined, value: Object} @ webpack-internal:///(app-pages-browser)/./lib/table-system/core/services/logging-service.ts:43
[     -19ms] [LOG] [DEBUG] Renderizando celda: {columnId: activo, isReference: undefined, value: Object} @ webpack-internal:///(app-pages-browser)/./lib/table-system/core/services/logging-service.ts:43
[     -19ms] [LOG] [DEBUG] Renderizando celda: {columnId: activo, isReference: undefined, value: Object} @ webpack-internal:///(app-pages-browser)/./lib/table-system/core/services/logging-service.ts:43
[     -18ms] [LOG] [DEBUG] Renderizando celda: {columnId: id, isReference: undefined, value: Object} @ webpack-internal:///(app-pages-browser)/./lib/table-system/core/services/logging-service.ts:43
[     -18ms] [LOG] [DEBUG] Renderizando celda: {columnId: id, isReference: undefined, value: Object} @ webpack-internal:///(app-pages-browser)/./lib/table-system/core/services/logging-service.ts:43
[     -18ms] [LOG] [DEBUG] Renderizando celda: {columnId: nombre, isReference: undefined, value: Object} @ webpack-internal:///(app-pages-browser)/./lib/table-system/core/services/logging-service.ts:43
[     -18ms] [LOG] [DEBUG] Renderizando celda: {columnId: nombre, isReference: undefined, value: Object} @ webpack-internal:///(app-pages-browser)/./lib/table-system/core/services/logging-service.ts:43
[     -18ms] [LOG] [DEBUG] Renderizando celda: {columnId: email, isReference: undefined, value: Object} @ webpack-internal:///(app-pages-browser)/./lib/table-system/core/services/logging-service.ts:43
[     -18ms] [LOG] [DEBUG] Renderizando celda: {columnId: email, isReference: undefined, value: Object} @ webpack-internal:///(app-pages-browser)/./lib/table-system/core/services/logging-service.ts:43
[     -18ms] [LOG] [DEBUG] Renderizando celda: {columnId: telefono, isReference: undefined, value: Object} @ webpack-internal:///(app-pages-browser)/./lib/table-system/core/services/logging-service.ts:43
[     -18ms] [LOG] [DEBUG] Renderizando celda: {columnId: telefono, isReference: undefined, value: Object} @ webpack-internal:///(app-pages-browser)/./lib/table-system/core/services/logging-service.ts:43
[     -18ms] [LOG] [DEBUG] Renderizando celda: {columnId: ciudad, isReference: undefined, value: Object} @ webpack-internal:///(app-pages-browser)/./lib/table-system/core/services/logging-service.ts:43
[     -18ms] [LOG] [DEBUG] Renderizando celda: {columnId: ciudad, isReference: undefined, value: Object} @ webpack-internal:///(app-pages-browser)/./lib/table-system/core/services/logging-service.ts:43
[     -18ms] [LOG] [DEBUG] Renderizando celda: {columnId: rol, isReference: undefined, value: Object} @ webpack-internal:///(app-pages-browser)/./lib/table-system/core/services/logging-service.ts:43
[     -18ms] [LOG] [DEBUG] Renderizando celda: {columnId: rol, isReference: undefined, value: Object} @ webpack-internal:///(app-pages-browser)/./lib/table-system/core/services/logging-service.ts:43
[     -18ms] [LOG] [DEBUG] Renderizando celda: {columnId: estado, isReference: undefined, value: Object} @ webpack-internal:///(app-pages-browser)/./lib/table-system/core/services/logging-service.ts:43
[     -18ms] [LOG] [DEBUG] Renderizando celda: {columnId: estado, isReference: undefined, value: Object} @ webpack-internal:///(app-pages-browser)/./lib/table-system/core/services/logging-service.ts:43
[     -18ms] [LOG] [DEBUG] Renderizando celda: {columnId: fechaRegistro, isReference: undefined, value: Object} @ webpack-internal:///(app-pages-browser)/./lib/table-system/core/services/logging-service.ts:43
[     -18ms] [LOG] [DEBUG] Renderizando celda: {columnId: fechaRegistro, isReference: undefined, value: Object} @ webpack-internal:///(app-pages-browser)/./lib/table-system/core/services/logging-service.ts:43
[     -18ms] [LOG] [DEBUG] Renderizando celda: {columnId: ultimoContacto, isReference: undefined, value: Object} @ webpack-internal:///(app-pages-browser)/./lib/table-system/core/services/logging-service.ts:43
[     -18ms] [LOG] [DEBUG] Renderizando celda: {columnId: ultimoContacto, isReference: undefined, value: Object} @ webpack-internal:///(app-pages-browser)/./lib/table-system/core/services/logging-service.ts:43
[     -17ms] [LOG] [DEBUG] Renderizando celda: {columnId: valorTotal, isReference: undefined, value: Object} @ webpack-internal:///(app-pages-browser)/./lib/table-system/core/services/logging-service.ts:43
[     -17ms] [LOG] [DEBUG] Renderizando celda: {columnId: valorTotal, isReference: undefined, value: Object} @ webpack-internal:///(app-pages-browser)/./lib/table-system/core/services/logging-service.ts:43
[     -17ms] [LOG] [DEBUG] Renderizando celda: {columnId: satisfaccion, isReference: undefined, value: Object} @ webpack-internal:///(app-pages-browser)/./lib/table-system/core/services/logging-service.ts:43
[     -17ms] [LOG] [DEBUG] Renderizando celda: {columnId: satisfaccion, isReference: undefined, value: Object} @ webpack-internal:///(app-pages-browser)/./lib/table-system/core/services/logging-service.ts:43
[     -17ms] [LOG] [DEBUG] Renderizando celda: {columnId: activo, isReference: undefined, value: Object} @ webpack-internal:///(app-pages-browser)/./lib/table-system/core/services/logging-service.ts:43
[     -17ms] [LOG] [DEBUG] Renderizando celda: {columnId: activo, isReference: undefined, value: Object} @ webpack-internal:///(app-pages-browser)/./lib/table-system/core/services/logging-service.ts:43
[     -16ms] [LOG] [DEBUG] Renderizando celda: {columnId: id, isReference: undefined, value: Object} @ webpack-internal:///(app-pages-browser)/./lib/table-system/core/services/logging-service.ts:43
[     -16ms] [LOG] [DEBUG] Renderizando celda: {columnId: id, isReference: undefined, value: Object} @ webpack-internal:///(app-pages-browser)/./lib/table-system/core/services/logging-service.ts:43
[     -16ms] [LOG] [DEBUG] Renderizando celda: {columnId: nombre, isReference: undefined, value: Object} @ webpack-internal:///(app-pages-browser)/./lib/table-system/core/services/logging-service.ts:43
[     -16ms] [LOG] [DEBUG] Renderizando celda: {columnId: nombre, isReference: undefined, value: Object} @ webpack-internal:///(app-pages-browser)/./lib/table-system/core/services/logging-service.ts:43
[     -16ms] [LOG] [DEBUG] Renderizando celda: {columnId: email, isReference: undefined, value: Object} @ webpack-internal:///(app-pages-browser)/./lib/table-system/core/services/logging-service.ts:43
[     -16ms] [LOG] [DEBUG] Renderizando celda: {columnId: email, isReference: undefined, value: Object} @ webpack-internal:///(app-pages-browser)/./lib/table-system/core/services/logging-service.ts:43
[     -15ms] [LOG] [DEBUG] Renderizando celda: {columnId: telefono, isReference: undefined, value: Object} @ webpack-internal:///(app-pages-browser)/./lib/table-system/core/services/logging-service.ts:43
[     -15ms] [LOG] [DEBUG] Renderizando celda: {columnId: telefono, isReference: undefined, value: Object} @ webpack-internal:///(app-pages-browser)/./lib/table-system/core/services/logging-service.ts:43
[     -15ms] [LOG] [DEBUG] Renderizando celda: {columnId: ciudad, isReference: undefined, value: Object} @ webpack-internal:///(app-pages-browser)/./lib/table-system/core/services/logging-service.ts:43
[     -15ms] [LOG] [DEBUG] Renderizando celda: {columnId: ciudad, isReference: undefined, value: Object} @ webpack-internal:///(app-pages-browser)/./lib/table-system/core/services/logging-service.ts:43
[     -15ms] [LOG] [DEBUG] Renderizando celda: {columnId: rol, isReference: undefined, value: Object} @ webpack-internal:///(app-pages-browser)/./lib/table-system/core/services/logging-service.ts:43
[     -15ms] [LOG] [DEBUG] Renderizando celda: {columnId: rol, isReference: undefined, value: Object} @ webpack-internal:///(app-pages-browser)/./lib/table-system/core/services/logging-service.ts:43
[     -15ms] [LOG] [DEBUG] Renderizando celda: {columnId: estado, isReference: undefined, value: Object} @ webpack-internal:///(app-pages-browser)/./lib/table-system/core/services/logging-service.ts:43
[     -15ms] [LOG] [DEBUG] Renderizando celda: {columnId: estado, isReference: undefined, value: Object} @ webpack-internal:///(app-pages-browser)/./lib/table-system/core/services/logging-service.ts:43
[     -15ms] [LOG] [DEBUG] Renderizando celda: {columnId: fechaRegistro, isReference: undefined, value: Object} @ webpack-internal:///(app-pages-browser)/./lib/table-system/core/services/logging-service.ts:43
[     -15ms] [LOG] [DEBUG] Renderizando celda: {columnId: fechaRegistro, isReference: undefined, value: Object} @ webpack-internal:///(app-pages-browser)/./lib/table-system/core/services/logging-service.ts:43
[     -15ms] [LOG] [DEBUG] Renderizando celda: {columnId: ultimoContacto, isReference: undefined, value: Object} @ webpack-internal:///(app-pages-browser)/./lib/table-system/core/services/logging-service.ts:43
[     -15ms] [LOG] [DEBUG] Renderizando celda: {columnId: ultimoContacto, isReference: undefined, value: Object} @ webpack-internal:///(app-pages-browser)/./lib/table-system/core/services/logging-service.ts:43
[     -15ms] [LOG] [DEBUG] Renderizando celda: {columnId: valorTotal, isReference: undefined, value: Object} @ webpack-internal:///(app-pages-browser)/./lib/table-system/core/services/logging-service.ts:43
[     -15ms] [LOG] [DEBUG] Renderizando celda: {columnId: valorTotal, isReference: undefined, value: Object} @ webpack-internal:///(app-pages-browser)/./lib/table-system/core/services/logging-service.ts:43
[     -15ms] [LOG] [DEBUG] Renderizando celda: {columnId: satisfaccion, isReference: undefined, value: Object} @ webpack-internal:///(app-pages-browser)/./lib/table-system/core/services/logging-service.ts:43
[     -15ms] [LOG] [DEBUG] Renderizando celda: {columnId: satisfaccion, isReference: undefined, value: Object} @ webpack-internal:///(app-pages-browser)/./lib/table-system/core/services/logging-service.ts:43
[     -15ms] [LOG] [DEBUG] Renderizando celda: {columnId: activo, isReference: undefined, value: Object} @ webpack-internal:///(app-pages-browser)/./lib/table-system/core/services/logging-service.ts:43
[     -14ms] [LOG] [DEBUG] Renderizando celda: {columnId: activo, isReference: undefined, value: Object} @ webpack-internal:///(app-pages-browser)/./lib/table-system/core/services/logging-service.ts:43
[     -14ms] [LOG] [DEBUG] Renderizando celda: {columnId: id, isReference: undefined, value: Object} @ webpack-internal:///(app-pages-browser)/./lib/table-system/core/services/logging-service.ts:43
[     -14ms] [LOG] [DEBUG] Renderizando celda: {columnId: id, isReference: undefined, value: Object} @ webpack-internal:///(app-pages-browser)/./lib/table-system/core/services/logging-service.ts:43
[     -14ms] [LOG] [DEBUG] Renderizando celda: {columnId: nombre, isReference: undefined, value: Object} @ webpack-internal:///(app-pages-browser)/./lib/table-system/core/services/logging-service.ts:43
[     -14ms] [LOG] [DEBUG] Renderizando celda: {columnId: nombre, isReference: undefined, value: Object} @ webpack-internal:///(app-pages-browser)/./lib/table-system/core/services/logging-service.ts:43
[     -14ms] [LOG] [DEBUG] Renderizando celda: {columnId: email, isReference: undefined, value: Object} @ webpack-internal:///(app-pages-browser)/./lib/table-system/core/services/logging-service.ts:43
[     -14ms] [LOG] [DEBUG] Renderizando celda: {columnId: email, isReference: undefined, value: Object} @ webpack-internal:///(app-pages-browser)/./lib/table-system/core/services/logging-service.ts:43
[     -13ms] [LOG] [DEBUG] Renderizando celda: {columnId: telefono, isReference: undefined, value: Object} @ webpack-internal:///(app-pages-browser)/./lib/table-system/core/services/logging-service.ts:43
[     -13ms] [LOG] [DEBUG] Renderizando celda: {columnId: telefono, isReference: undefined, value: Object} @ webpack-internal:///(app-pages-browser)/./lib/table-system/core/services/logging-service.ts:43
[     -13ms] [LOG] [DEBUG] Renderizando celda: {columnId: ciudad, isReference: undefined, value: Object} @ webpack-internal:///(app-pages-browser)/./lib/table-system/core/services/logging-service.ts:43
[     -13ms] [LOG] [DEBUG] Renderizando celda: {columnId: ciudad, isReference: undefined, value: Object} @ webpack-internal:///(app-pages-browser)/./lib/table-system/core/services/logging-service.ts:43
[     -13ms] [LOG] [DEBUG] Renderizando celda: {columnId: rol, isReference: undefined, value: Object} @ webpack-internal:///(app-pages-browser)/./lib/table-system/core/services/logging-service.ts:43
[     -13ms] [LOG] [DEBUG] Renderizando celda: {columnId: rol, isReference: undefined, value: Object} @ webpack-internal:///(app-pages-browser)/./lib/table-system/core/services/logging-service.ts:43
[     -13ms] [LOG] [DEBUG] Renderizando celda: {columnId: estado, isReference: undefined, value: Object} @ webpack-internal:///(app-pages-browser)/./lib/table-system/core/services/logging-service.ts:43
[     -13ms] [LOG] [DEBUG] Renderizando celda: {columnId: estado, isReference: undefined, value: Object} @ webpack-internal:///(app-pages-browser)/./lib/table-system/core/services/logging-service.ts:43
[     -13ms] [LOG] [DEBUG] Renderizando celda: {columnId: fechaRegistro, isReference: undefined, value: Object} @ webpack-internal:///(app-pages-browser)/./lib/table-system/core/services/logging-service.ts:43
[     -13ms] [LOG] [DEBUG] Renderizando celda: {columnId: fechaRegistro, isReference: undefined, value: Object} @ webpack-internal:///(app-pages-browser)/./lib/table-system/core/services/logging-service.ts:43
[     -13ms] [LOG] [DEBUG] Renderizando celda: {columnId: ultimoContacto, isReference: undefined, value: Object} @ webpack-internal:///(app-pages-browser)/./lib/table-system/core/services/logging-service.ts:43
[     -13ms] [LOG] [DEBUG] Renderizando celda: {columnId: ultimoContacto, isReference: undefined, value: Object} @ webpack-internal:///(app-pages-browser)/./lib/table-system/core/services/logging-service.ts:43
[     -13ms] [LOG] [DEBUG] Renderizando celda: {columnId: valorTotal, isReference: undefined, value: Object} @ webpack-internal:///(app-pages-browser)/./lib/table-system/core/services/logging-service.ts:43
[     -13ms] [LOG] [DEBUG] Renderizando celda: {columnId: valorTotal, isReference: undefined, value: Object} @ webpack-internal:///(app-pages-browser)/./lib/table-system/core/services/logging-service.ts:43
[     -13ms] [LOG] [DEBUG] Renderizando celda: {columnId: satisfaccion, isReference: undefined, value: Object} @ webpack-internal:///(app-pages-browser)/./lib/table-system/core/services/logging-service.ts:43
[     -13ms] [LOG] [DEBUG] Renderizando celda: {columnId: satisfaccion, isReference: undefined, value: Object} @ webpack-internal:///(app-pages-browser)/./lib/table-system/core/services/logging-service.ts:43
[     -13ms] [LOG] [DEBUG] Renderizando celda: {columnId: activo, isReference: undefined, value: Object} @ webpack-internal:///(app-pages-browser)/./lib/table-system/core/services/logging-service.ts:43
[     -13ms] [LOG] [DEBUG] Renderizando celda: {columnId: activo, isReference: undefined, value: Object} @ webpack-internal:///(app-pages-browser)/./lib/table-system/core/services/logging-service.ts:43
[     -12ms] [LOG] [DEBUG] Renderizando celda: {columnId: id, isReference: undefined, value: Object} @ webpack-internal:///(app-pages-browser)/./lib/table-system/core/services/logging-service.ts:43
[     -12ms] [LOG] [DEBUG] Renderizando celda: {columnId: id, isReference: undefined, value: Object} @ webpack-internal:///(app-pages-browser)/./lib/table-system/core/services/logging-service.ts:43
[     -12ms] [LOG] [DEBUG] Renderizando celda: {columnId: nombre, isReference: undefined, value: Object} @ webpack-internal:///(app-pages-browser)/./lib/table-system/core/services/logging-service.ts:43
[     -12ms] [LOG] [DEBUG] Renderizando celda: {columnId: nombre, isReference: undefined, value: Object} @ webpack-internal:///(app-pages-browser)/./lib/table-system/core/services/logging-service.ts:43
[     -12ms] [LOG] [DEBUG] Renderizando celda: {columnId: email, isReference: undefined, value: Object} @ webpack-internal:///(app-pages-browser)/./lib/table-system/core/services/logging-service.ts:43
[     -12ms] [LOG] [DEBUG] Renderizando celda: {columnId: email, isReference: undefined, value: Object} @ webpack-internal:///(app-pages-browser)/./lib/table-system/core/services/logging-service.ts:43
[     -12ms] [LOG] [DEBUG] Renderizando celda: {columnId: telefono, isReference: undefined, value: Object} @ webpack-internal:///(app-pages-browser)/./lib/table-system/core/services/logging-service.ts:43
[     -12ms] [LOG] [DEBUG] Renderizando celda: {columnId: telefono, isReference: undefined, value: Object} @ webpack-internal:///(app-pages-browser)/./lib/table-system/core/services/logging-service.ts:43
[     -11ms] [LOG] [DEBUG] Renderizando celda: {columnId: ciudad, isReference: undefined, value: Object} @ webpack-internal:///(app-pages-browser)/./lib/table-system/core/services/logging-service.ts:43
[     -11ms] [LOG] [DEBUG] Renderizando celda: {columnId: ciudad, isReference: undefined, value: Object} @ webpack-internal:///(app-pages-browser)/./lib/table-system/core/services/logging-service.ts:43
[     -11ms] [LOG] [DEBUG] Renderizando celda: {columnId: rol, isReference: undefined, value: Object} @ webpack-internal:///(app-pages-browser)/./lib/table-system/core/services/logging-service.ts:43
[     -11ms] [LOG] [DEBUG] Renderizando celda: {columnId: rol, isReference: undefined, value: Object} @ webpack-internal:///(app-pages-browser)/./lib/table-system/core/services/logging-service.ts:43
[     -11ms] [LOG] [DEBUG] Renderizando celda: {columnId: estado, isReference: undefined, value: Object} @ webpack-internal:///(app-pages-browser)/./lib/table-system/core/services/logging-service.ts:43
[     -11ms] [LOG] [DEBUG] Renderizando celda: {columnId: estado, isReference: undefined, value: Object} @ webpack-internal:///(app-pages-browser)/./lib/table-system/core/services/logging-service.ts:43
[     -11ms] [LOG] [DEBUG] Renderizando celda: {columnId: fechaRegistro, isReference: undefined, value: Object} @ webpack-internal:///(app-pages-browser)/./lib/table-system/core/services/logging-service.ts:43
[     -11ms] [LOG] [DEBUG] Renderizando celda: {columnId: fechaRegistro, isReference: undefined, value: Object} @ webpack-internal:///(app-pages-browser)/./lib/table-system/core/services/logging-service.ts:43
[     -11ms] [LOG] [DEBUG] Renderizando celda: {columnId: ultimoContacto, isReference: undefined, value: Object} @ webpack-internal:///(app-pages-browser)/./lib/table-system/core/services/logging-service.ts:43
[     -11ms] [LOG] [DEBUG] Renderizando celda: {columnId: ultimoContacto, isReference: undefined, value: Object} @ webpack-internal:///(app-pages-browser)/./lib/table-system/core/services/logging-service.ts:43
[      -8ms] [LOG] [Fast Refresh] rebuilding @ webpack-internal:///(app-pages-browser)/./node_modules/next/dist/client/dev/hot-reloader/app/hot-reloader-app.js:196
[      12ms] [LOG] [Fast Refresh] done in 20ms @ webpack-internal:///(app-pages-browser)/./node_modules/next/dist/client/dev/report-hmr-latency.js:13
[     220ms] [LOG] [DEBUG] Effective column order: {baseOrder: Array(14), pinnedColumnId: index, otherColumns: Array(13), hasActions: true, result: Array(15)} @ webpack-internal:///(app-pages-browser)/./lib/table-system/core/services/logging-service.ts:43
[     220ms] [LOG] [DEBUG] Effective column order: {baseOrder: Array(14), pinnedColumnId: index, otherColumns: Array(13), hasActions: true, result: Array(15)} @ webpack-internal:///(app-pages-browser)/./lib/table-system/core/services/logging-service.ts:43
[     221ms] [LOG] [DEBUG] Effective column order: {baseOrder: Array(14), pinnedColumnId: index, otherColumns: Array(13), hasActions: true, result: Array(15)} @ webpack-internal:///(app-pages-browser)/./lib/table-system/core/services/logging-service.ts:43
[     221ms] [LOG] [DEBUG] Effective column order: {baseOrder: Array(14), pinnedColumnId: index, otherColumns: Array(13), hasActions: true, result: Array(15)} @ webpack-internal:///(app-pages-browser)/./lib/table-system/core/services/logging-service.ts:43
[     226ms] [LOG] [DEBUG] Effective column order: {baseOrder: Array(14), pinnedColumnId: index, otherColumns: Array(13), hasActions: true, result: Array(15)} @ webpack-internal:///(app-pages-browser)/./lib/table-system/core/services/logging-service.ts:43
[     227ms] [LOG] [DEBUG] Effective column order: {baseOrder: Array(14), pinnedColumnId: index, otherColumns: Array(13), hasActions: true, result: Array(15)} @ webpack-internal:///(app-pages-browser)/./lib/table-system/core/services/logging-service.ts:43
[     227ms] [LOG] [DEBUG] Effective column order: {baseOrder: Array(14), pinnedColumnId: index, otherColumns: Array(13), hasActions: true, result: Array(15)} @ webpack-internal:///(app-pages-browser)/./lib/table-system/core/services/logging-service.ts:43
[     228ms] [LOG] [DEBUG] Effective column order: {baseOrder: Array(14), pinnedColumnId: index, otherColumns: Array(13), hasActions: true, result: Array(15)} @ webpack-internal:///(app-pages-browser)/./lib/table-system/core/services/logging-service.ts:43
[     235ms] [LOG] [DEBUG] Renderizando celda: {columnId: id, isReference: undefined, value: Object} @ webpack-internal:///(app-pages-browser)/./lib/table-system/core/services/logging-service.ts:43
[     235ms] [LOG] [DEBUG] Renderizando celda: {columnId: id, isReference: undefined, value: Object} @ webpack-internal:///(app-pages-browser)/./lib/table-system/core/services/logging-service.ts:43
[     235ms] [LOG] [DEBUG] Renderizando celda: {columnId: nombre, isReference: undefined, value: Object} @ webpack-internal:///(app-pages-browser)/./lib/table-system/core/services/logging-service.ts:43
[     235ms] [LOG] [DEBUG] Renderizando celda: {columnId: nombre, isReference: undefined, value: Object} @ webpack-internal:///(app-pages-browser)/./lib/table-system/core/services/logging-service.ts:43
[     235ms] [LOG] [DEBUG] Renderizando celda: {columnId: email, isReference: undefined, value: Object} @ webpack-internal:///(app-pages-browser)/./lib/table-system/core/services/logging-service.ts:43
[     236ms] [LOG] [DEBUG] Renderizando celda: {columnId: email, isReference: undefined, value: Object} @ webpack-internal:///(app-pages-browser)/./lib/table-system/core/services/logging-service.ts:43
[     236ms] [LOG] [DEBUG] Renderizando celda: {columnId: telefono, isReference: undefined, value: Object} @ webpack-internal:///(app-pages-browser)/./lib/table-system/core/services/logging-service.ts:43
[     236ms] [LOG] [DEBUG] Renderizando celda: {columnId: telefono, isReference: undefined, value: Object} @ webpack-internal:///(app-pages-browser)/./lib/table-system/core/services/logging-service.ts:43
[     237ms] [LOG] [DEBUG] Renderizando celda: {columnId: ciudad, isReference: undefined, value: Object} @ webpack-internal:///(app-pages-browser)/./lib/table-system/core/services/logging-service.ts:43
[     237ms] [LOG] [DEBUG] Renderizando celda: {columnId: ciudad, isReference: undefined, value: Object} @ webpack-internal:///(app-pages-browser)/./lib/table-system/core/services/logging-service.ts:43
[     237ms] [LOG] [DEBUG] Renderizando celda: {columnId: rol, isReference: undefined, value: Object} @ webpack-internal:///(app-pages-browser)/./lib/table-system/core/services/logging-service.ts:43
[     237ms] [LOG] [DEBUG] Renderizando celda: {columnId: rol, isReference: undefined, value: Object} @ webpack-internal:///(app-pages-browser)/./lib/table-system/core/services/logging-service.ts:43
[     237ms] [LOG] [DEBUG] Renderizando celda: {columnId: estado, isReference: undefined, value: Object} @ webpack-internal:///(app-pages-browser)/./lib/table-system/core/services/logging-service.ts:43
[     238ms] [LOG] [DEBUG] Renderizando celda: {columnId: estado, isReference: undefined, value: Object} @ webpack-internal:///(app-pages-browser)/./lib/table-system/core/services/logging-service.ts:43
[     238ms] [LOG] [DEBUG] Renderizando celda: {columnId: fechaRegistro, isReference: undefined, value: Object} @ webpack-internal:///(app-pages-browser)/./lib/table-system/core/services/logging-service.ts:43
[     238ms] [LOG] [DEBUG] Renderizando celda: {columnId: fechaRegistro, isReference: undefined, value: Object} @ webpack-internal:///(app-pages-browser)/./lib/table-system/core/services/logging-service.ts:43
[     238ms] [LOG] [DEBUG] Renderizando celda: {columnId: ultimoContacto, isReference: undefined, value: Object} @ webpack-internal:///(app-pages-browser)/./lib/table-system/core/services/logging-service.ts:43
[     238ms] [LOG] [DEBUG] Renderizando celda: {columnId: ultimoContacto, isReference: undefined, value: Object} @ webpack-internal:///(app-pages-browser)/./lib/table-system/core/services/logging-service.ts:43
[     238ms] [LOG] [DEBUG] Renderizando celda: {columnId: valorTotal, isReference: undefined, value: Object} @ webpack-internal:///(app-pages-browser)/./lib/table-system/core/services/logging-service.ts:43
[     238ms] [LOG] [DEBUG] Renderizando celda: {columnId: valorTotal, isReference: undefined, value: Object} @ webpack-internal:///(app-pages-browser)/./lib/table-system/core/services/logging-service.ts:43
[     239ms] [LOG] [DEBUG] Renderizando celda: {columnId: satisfaccion, isReference: undefined, value: Object} @ webpack-internal:///(app-pages-browser)/./lib/table-system/core/services/logging-service.ts:43
[     239ms] [LOG] [DEBUG] Renderizando celda: {columnId: satisfaccion, isReference: undefined, value: Object} @ webpack-internal:///(app-pages-browser)/./lib/table-system/core/services/logging-service.ts:43
[     239ms] [LOG] [DEBUG] Renderizando celda: {columnId: activo, isReference: undefined, value: Object} @ webpack-internal:///(app-pages-browser)/./lib/table-system/core/services/logging-service.ts:43
[     239ms] [LOG] [DEBUG] Renderizando celda: {columnId: activo, isReference: undefined, value: Object} @ webpack-internal:///(app-pages-browser)/./lib/table-system/core/services/logging-service.ts:43
[     240ms] [LOG] [DEBUG] Renderizando celda: {columnId: id, isReference: undefined, value: Object} @ webpack-internal:///(app-pages-browser)/./lib/table-system/core/services/logging-service.ts:43
[     241ms] [LOG] [DEBUG] Renderizando celda: {columnId: id, isReference: undefined, value: Object} @ webpack-internal:///(app-pages-browser)/./lib/table-system/core/services/logging-service.ts:43
[     241ms] [LOG] [DEBUG] Renderizando celda: {columnId: nombre, isReference: undefined, value: Object} @ webpack-internal:///(app-pages-browser)/./lib/table-system/core/services/logging-service.ts:43
[     241ms] [LOG] [DEBUG] Renderizando celda: {columnId: nombre, isReference: undefined, value: Object} @ webpack-internal:///(app-pages-browser)/./lib/table-system/core/services/logging-service.ts:43
[     241ms] [LOG] [DEBUG] Renderizando celda: {columnId: email, isReference: undefined, value: Object} @ webpack-internal:///(app-pages-browser)/./lib/table-system/core/services/logging-service.ts:43
[     241ms] [LOG] [DEBUG] Renderizando celda: {columnId: email, isReference: undefined, value: Object} @ webpack-internal:///(app-pages-browser)/./lib/table-system/core/services/logging-service.ts:43
[     244ms] [LOG] [DEBUG] Renderizando celda: {columnId: telefono, isReference: undefined, value: Object} @ webpack-internal:///(app-pages-browser)/./lib/table-system/core/services/logging-service.ts:43
[     244ms] [LOG] [DEBUG] Renderizando celda: {columnId: telefono, isReference: undefined, value: Object} @ webpack-internal:///(app-pages-browser)/./lib/table-system/core/services/logging-service.ts:43
[     244ms] [LOG] [DEBUG] Renderizando celda: {columnId: ciudad, isReference: undefined, value: Object} @ webpack-internal:///(app-pages-browser)/./lib/table-system/core/services/logging-service.ts:43
[     244ms] [LOG] [DEBUG] Renderizando celda: {columnId: ciudad, isReference: undefined, value: Object} @ webpack-internal:///(app-pages-browser)/./lib/table-system/core/services/logging-service.ts:43
[     245ms] [LOG] [DEBUG] Renderizando celda: {columnId: rol, isReference: undefined, value: Object} @ webpack-internal:///(app-pages-browser)/./lib/table-system/core/services/logging-service.ts:43
[     245ms] [LOG] [DEBUG] Renderizando celda: {columnId: rol, isReference: undefined, value: Object} @ webpack-internal:///(app-pages-browser)/./lib/table-system/core/services/logging-service.ts:43
[     245ms] [LOG] [DEBUG] Renderizando celda: {columnId: estado, isReference: undefined, value: Object} @ webpack-internal:///(app-pages-browser)/./lib/table-system/core/services/logging-service.ts:43
[     245ms] [LOG] [DEBUG] Renderizando celda: {columnId: estado, isReference: undefined, value: Object} @ webpack-internal:///(app-pages-browser)/./lib/table-system/core/services/logging-service.ts:43
[     245ms] [LOG] [DEBUG] Renderizando celda: {columnId: fechaRegistro, isReference: undefined, value: Object} @ webpack-internal:///(app-pages-browser)/./lib/table-system/core/services/logging-service.ts:43
[     245ms] [LOG] [DEBUG] Renderizando celda: {columnId: fechaRegistro, isReference: undefined, value: Object} @ webpack-internal:///(app-pages-browser)/./lib/table-system/core/services/logging-service.ts:43
[     246ms] [LOG] [DEBUG] Renderizando celda: {columnId: ultimoContacto, isReference: undefined, value: Object} @ webpack-internal:///(app-pages-browser)/./lib/table-system/core/services/logging-service.ts:43
[     246ms] [LOG] [DEBUG] Renderizando celda: {columnId: ultimoContacto, isReference: undefined, value: Object} @ webpack-internal:///(app-pages-browser)/./lib/table-system/core/services/logging-service.ts:43
[     246ms] [LOG] [DEBUG] Renderizando celda: {columnId: valorTotal, isReference: undefined, value: Object} @ webpack-internal:///(app-pages-browser)/./lib/table-system/core/services/logging-service.ts:43
[     246ms] [LOG] [DEBUG] Renderizando celda: {columnId: valorTotal, isReference: undefined, value: Object} @ webpack-internal:///(app-pages-browser)/./lib/table-system/core/services/logging-service.ts:43
[     246ms] [LOG] [DEBUG] Renderizando celda: {columnId: satisfaccion, isReference: undefined, value: Object} @ webpack-internal:///(app-pages-browser)/./lib/table-system/core/services/logging-service.ts:43
[     246ms] [LOG] [DEBUG] Renderizando celda: {columnId: satisfaccion, isReference: undefined, value: Object} @ webpack-internal:///(app-pages-browser)/./lib/table-system/core/services/logging-service.ts:43
[     246ms] [LOG] [DEBUG] Renderizando celda: {columnId: activo, isReference: undefined, value: Object} @ webpack-internal:///(app-pages-browser)/./lib/table-system/core/services/logging-service.ts:43
[     246ms] [LOG] [DEBUG] Renderizando celda: {columnId: activo, isReference: undefined, value: Object} @ webpack-internal:///(app-pages-browser)/./lib/table-system/core/services/logging-service.ts:43
[     248ms] [LOG] [DEBUG] Renderizando celda: {columnId: id, isReference: undefined, value: Object} @ webpack-internal:///(app-pages-browser)/./lib/table-system/core/services/logging-service.ts:43
[     248ms] [LOG] [DEBUG] Renderizando celda: {columnId: id, isReference: undefined, value: Object} @ webpack-internal:///(app-pages-browser)/./lib/table-system/core/services/logging-service.ts:43
[     248ms] [LOG] [DEBUG] Renderizando celda: {columnId: nombre, isReference: undefined, value: Object} @ webpack-internal:///(app-pages-browser)/./lib/table-system/core/services/logging-service.ts:43
[     248ms] [LOG] [DEBUG] Renderizando celda: {columnId: nombre, isReference: undefined, value: Object} @ webpack-internal:///(app-pages-browser)/./lib/table-system/core/services/logging-service.ts:43
[     248ms] [LOG] [DEBUG] Renderizando celda: {columnId: email, isReference: undefined, value: Object} @ webpack-internal:///(app-pages-browser)/./lib/table-system/core/services/logging-service.ts:43
[     248ms] [LOG] [DEBUG] Renderizando celda: {columnId: email, isReference: undefined, value: Object} @ webpack-internal:///(app-pages-browser)/./lib/table-system/core/services/logging-service.ts:43
[     248ms] [LOG] [DEBUG] Renderizando celda: {columnId: telefono, isReference: undefined, value: Object} @ webpack-internal:///(app-pages-browser)/./lib/table-system/core/services/logging-service.ts:43
[     248ms] [LOG] [DEBUG] Renderizando celda: {columnId: telefono, isReference: undefined, value: Object} @ webpack-internal:///(app-pages-browser)/./lib/table-system/core/services/logging-service.ts:43
[     249ms] [LOG] [DEBUG] Renderizando celda: {columnId: ciudad, isReference: undefined, value: Object} @ webpack-internal:///(app-pages-browser)/./lib/table-system/core/services/logging-service.ts:43
[     249ms] [LOG] [DEBUG] Renderizando celda: {columnId: ciudad, isReference: undefined, value: Object} @ webpack-internal:///(app-pages-browser)/./lib/table-system/core/services/logging-service.ts:43
[     249ms] [LOG] [DEBUG] Renderizando celda: {columnId: rol, isReference: undefined, value: Object} @ webpack-internal:///(app-pages-browser)/./lib/table-system/core/services/logging-service.ts:43
[     249ms] [LOG] [DEBUG] Renderizando celda: {columnId: rol, isReference: undefined, value: Object} @ webpack-internal:///(app-pages-browser)/./lib/table-system/core/services/logging-service.ts:43
[     249ms] [LOG] [DEBUG] Renderizando celda: {columnId: estado, isReference: undefined, value: Object} @ webpack-internal:///(app-pages-browser)/./lib/table-system/core/services/logging-service.ts:43
[     249ms] [LOG] [DEBUG] Renderizando celda: {columnId: estado, isReference: undefined, value: Object} @ webpack-internal:///(app-pages-browser)/./lib/table-system/core/services/logging-service.ts:43
[     249ms] [LOG] [DEBUG] Renderizando celda: {columnId: fechaRegistro, isReference: undefined, value: Object} @ webpack-internal:///(app-pages-browser)/./lib/table-system/core/services/logging-service.ts:43
[     249ms] [LOG] [DEBUG] Renderizando celda: {columnId: fechaRegistro, isReference: undefined, value: Object} @ webpack-internal:///(app-pages-browser)/./lib/table-system/core/services/logging-service.ts:43
[     249ms] [LOG] [DEBUG] Renderizando celda: {columnId: ultimoContacto, isReference: undefined, value: Object} @ webpack-internal:///(app-pages-browser)/./lib/table-system/core/services/logging-service.ts:43
[     249ms] [LOG] [DEBUG] Renderizando celda: {columnId: ultimoContacto, isReference: undefined, value: Object} @ webpack-internal:///(app-pages-browser)/./lib/table-system/core/services/logging-service.ts:43
[     249ms] [LOG] [DEBUG] Renderizando celda: {columnId: valorTotal, isReference: undefined, value: Object} @ webpack-internal:///(app-pages-browser)/./lib/table-system/core/services/logging-service.ts:43
[     250ms] [LOG] [DEBUG] Renderizando celda: {columnId: valorTotal, isReference: undefined, value: Object} @ webpack-internal:///(app-pages-browser)/./lib/table-system/core/services/logging-service.ts:43
[     250ms] [LOG] [DEBUG] Renderizando celda: {columnId: satisfaccion, isReference: undefined, value: Object} @ webpack-internal:///(app-pages-browser)/./lib/table-system/core/services/logging-service.ts:43
[     250ms] [LOG] [DEBUG] Renderizando celda: {columnId: satisfaccion, isReference: undefined, value: Object} @ webpack-internal:///(app-pages-browser)/./lib/table-system/core/services/logging-service.ts:43
[     250ms] [LOG] [DEBUG] Renderizando celda: {columnId: activo, isReference: undefined, value: Object} @ webpack-internal:///(app-pages-browser)/./lib/table-system/core/services/logging-service.ts:43
[     250ms] [LOG] [DEBUG] Renderizando celda: {columnId: activo, isReference: undefined, value: Object} @ webpack-internal:///(app-pages-browser)/./lib/table-system/core/services/logging-service.ts:43
[     250ms] [LOG] [DEBUG] Renderizando celda: {columnId: id, isReference: undefined, value: Object} @ webpack-internal:///(app-pages-browser)/./lib/table-system/core/services/logging-service.ts:43
[     251ms] [LOG] [DEBUG] Renderizando celda: {columnId: id, isReference: undefined, value: Object} @ webpack-internal:///(app-pages-browser)/./lib/table-system/core/services/logging-service.ts:43
[     251ms] [LOG] [DEBUG] Renderizando celda: {columnId: nombre, isReference: undefined, value: Object} @ webpack-internal:///(app-pages-browser)/./lib/table-system/core/services/logging-service.ts:43
[     251ms] [LOG] [DEBUG] Renderizando celda: {columnId: nombre, isReference: undefined, value: Object} @ webpack-internal:///(app-pages-browser)/./lib/table-system/core/services/logging-service.ts:43
[     251ms] [LOG] [DEBUG] Renderizando celda: {columnId: email, isReference: undefined, value: Object} @ webpack-internal:///(app-pages-browser)/./lib/table-system/core/services/logging-service.ts:43
[     251ms] [LOG] [DEBUG] Renderizando celda: {columnId: email, isReference: undefined, value: Object} @ webpack-internal:///(app-pages-browser)/./lib/table-system/core/services/logging-service.ts:43
[     251ms] [LOG] [DEBUG] Renderizando celda: {columnId: telefono, isReference: undefined, value: Object} @ webpack-internal:///(app-pages-browser)/./lib/table-system/core/services/logging-service.ts:43
[     252ms] [LOG] [DEBUG] Renderizando celda: {columnId: telefono, isReference: undefined, value: Object} @ webpack-internal:///(app-pages-browser)/./lib/table-system/core/services/logging-service.ts:43
[     252ms] [LOG] [DEBUG] Renderizando celda: {columnId: ciudad, isReference: undefined, value: Object} @ webpack-internal:///(app-pages-browser)/./lib/table-system/core/services/logging-service.ts:43
[     252ms] [LOG] [DEBUG] Renderizando celda: {columnId: ciudad, isReference: undefined, value: Object} @ webpack-internal:///(app-pages-browser)/./lib/table-system/core/services/logging-service.ts:43
[     252ms] [LOG] [DEBUG] Renderizando celda: {columnId: rol, isReference: undefined, value: Object} @ webpack-internal:///(app-pages-browser)/./lib/table-system/core/services/logging-service.ts:43
[     253ms] [LOG] [DEBUG] Renderizando celda: {columnId: rol, isReference: undefined, value: Object} @ webpack-internal:///(app-pages-browser)/./lib/table-system/core/services/logging-service.ts:43
[     253ms] [LOG] [DEBUG] Renderizando celda: {columnId: estado, isReference: undefined, value: Object} @ webpack-internal:///(app-pages-browser)/./lib/table-system/core/services/logging-service.ts:43
[     253ms] [LOG] [DEBUG] Renderizando celda: {columnId: estado, isReference: undefined, value: Object} @ webpack-internal:///(app-pages-browser)/./lib/table-system/core/services/logging-service.ts:43
[     253ms] [LOG] [DEBUG] Renderizando celda: {columnId: fechaRegistro, isReference: undefined, value: Object} @ webpack-internal:///(app-pages-browser)/./lib/table-system/core/services/logging-service.ts:43
[     253ms] [LOG] [DEBUG] Renderizando celda: {columnId: fechaRegistro, isReference: undefined, value: Object} @ webpack-internal:///(app-pages-browser)/./lib/table-system/core/services/logging-service.ts:43
[     253ms] [LOG] [DEBUG] Renderizando celda: {columnId: ultimoContacto, isReference: undefined, value: Object} @ webpack-internal:///(app-pages-browser)/./lib/table-system/core/services/logging-service.ts:43
[     253ms] [LOG] [DEBUG] Renderizando celda: {columnId: ultimoContacto, isReference: undefined, value: Object} @ webpack-internal:///(app-pages-browser)/./lib/table-system/core/services/logging-service.ts:43
[     253ms] [LOG] [DEBUG] Renderizando celda: {columnId: valorTotal, isReference: undefined, value: Object} @ webpack-internal:///(app-pages-browser)/./lib/table-system/core/services/logging-service.ts:43
[     254ms] [LOG] [DEBUG] Renderizando celda: {columnId: valorTotal, isReference: undefined, value: Object} @ webpack-internal:///(app-pages-browser)/./lib/table-system/core/services/logging-service.ts:43
[     254ms] [LOG] [DEBUG] Renderizando celda: {columnId: satisfaccion, isReference: undefined, value: Object} @ webpack-internal:///(app-pages-browser)/./lib/table-system/core/services/logging-service.ts:43
[     254ms] [LOG] [DEBUG] Renderizando celda: {columnId: satisfaccion, isReference: undefined, value: Object} @ webpack-internal:///(app-pages-browser)/./lib/table-system/core/services/logging-service.ts:43
[     254ms] [LOG] [DEBUG] Renderizando celda: {columnId: activo, isReference: undefined, value: Object} @ webpack-internal:///(app-pages-browser)/./lib/table-system/core/services/logging-service.ts:43
[     254ms] [LOG] [DEBUG] Renderizando celda: {columnId: activo, isReference: undefined, value: Object} @ webpack-internal:///(app-pages-browser)/./lib/table-system/core/services/logging-service.ts:43
[     256ms] [LOG] [DEBUG] Renderizando celda: {columnId: id, isReference: undefined, value: Object} @ webpack-internal:///(app-pages-browser)/./lib/table-system/core/services/logging-service.ts:43
[     256ms] [LOG] [DEBUG] Renderizando celda: {columnId: id, isReference: undefined, value: Object} @ webpack-internal:///(app-pages-browser)/./lib/table-system/core/services/logging-service.ts:43
[     257ms] [LOG] [DEBUG] Renderizando celda: {columnId: nombre, isReference: undefined, value: Object} @ webpack-internal:///(app-pages-browser)/./lib/table-system/core/services/logging-service.ts:43
[     257ms] [LOG] [DEBUG] Renderizando celda: {columnId: nombre, isReference: undefined, value: Object} @ webpack-internal:///(app-pages-browser)/./lib/table-system/core/services/logging-service.ts:43
[     257ms] [LOG] [DEBUG] Renderizando celda: {columnId: email, isReference: undefined, value: Object} @ webpack-internal:///(app-pages-browser)/./lib/table-system/core/services/logging-service.ts:43
[     258ms] [LOG] [DEBUG] Renderizando celda: {columnId: email, isReference: undefined, value: Object} @ webpack-internal:///(app-pages-browser)/./lib/table-system/core/services/logging-service.ts:43
[     258ms] [LOG] [DEBUG] Renderizando celda: {columnId: telefono, isReference: undefined, value: Object} @ webpack-internal:///(app-pages-browser)/./lib/table-system/core/services/logging-service.ts:43
[     258ms] [LOG] [DEBUG] Renderizando celda: {columnId: telefono, isReference: undefined, value: Object} @ webpack-internal:///(app-pages-browser)/./lib/table-system/core/services/logging-service.ts:43
[     259ms] [LOG] [DEBUG] Renderizando celda: {columnId: ciudad, isReference: undefined, value: Object} @ webpack-internal:///(app-pages-browser)/./lib/table-system/core/services/logging-service.ts:43
[     259ms] [LOG] [DEBUG] Renderizando celda: {columnId: ciudad, isReference: undefined, value: Object} @ webpack-internal:///(app-pages-browser)/./lib/table-system/core/services/logging-service.ts:43
[     259ms] [LOG] [DEBUG] Renderizando celda: {columnId: rol, isReference: undefined, value: Object} @ webpack-internal:///(app-pages-browser)/./lib/table-system/core/services/logging-service.ts:43
[     259ms] [LOG] [DEBUG] Renderizando celda: {columnId: rol, isReference: undefined, value: Object} @ webpack-internal:///(app-pages-browser)/./lib/table-system/core/services/logging-service.ts:43
[     259ms] [LOG] [DEBUG] Renderizando celda: {columnId: estado, isReference: undefined, value: Object} @ webpack-internal:///(app-pages-browser)/./lib/table-system/core/services/logging-service.ts:43
[     259ms] [LOG] [DEBUG] Renderizando celda: {columnId: estado, isReference: undefined, value: Object} @ webpack-internal:///(app-pages-browser)/./lib/table-system/core/services/logging-service.ts:43
[     259ms] [LOG] [DEBUG] Renderizando celda: {columnId: fechaRegistro, isReference: undefined, value: Object} @ webpack-internal:///(app-pages-browser)/./lib/table-system/core/services/logging-service.ts:43
[     259ms] [LOG] [DEBUG] Renderizando celda: {columnId: fechaRegistro, isReference: undefined, value: Object} @ webpack-internal:///(app-pages-browser)/./lib/table-system/core/services/logging-service.ts:43
[     259ms] [LOG] [DEBUG] Renderizando celda: {columnId: ultimoContacto, isReference: undefined, value: Object} @ webpack-internal:///(app-pages-browser)/./lib/table-system/core/services/logging-service.ts:43
[     259ms] [LOG] [DEBUG] Renderizando celda: {columnId: ultimoContacto, isReference: undefined, value: Object} @ webpack-internal:///(app-pages-browser)/./lib/table-system/core/services/logging-service.ts:43
[     259ms] [LOG] [DEBUG] Renderizando celda: {columnId: valorTotal, isReference: undefined, value: Object} @ webpack-internal:///(app-pages-browser)/./lib/table-system/core/services/logging-service.ts:43
[     259ms] [LOG] [DEBUG] Renderizando celda: {columnId: valorTotal, isReference: undefined, value: Object} @ webpack-internal:///(app-pages-browser)/./lib/table-system/core/services/logging-service.ts:43
[     259ms] [LOG] [DEBUG] Renderizando celda: {columnId: satisfaccion, isReference: undefined, value: Object} @ webpack-internal:///(app-pages-browser)/./lib/table-system/core/services/logging-service.ts:43
[     260ms] [LOG] [DEBUG] Renderizando celda: {columnId: satisfaccion, isReference: undefined, value: Object} @ webpack-internal:///(app-pages-browser)/./lib/table-system/core/services/logging-service.ts:43
[     260ms] [LOG] [DEBUG] Renderizando celda: {columnId: activo, isReference: undefined, value: Object} @ webpack-internal:///(app-pages-browser)/./lib/table-system/core/services/logging-service.ts:43
[     260ms] [LOG] [DEBUG] Renderizando celda: {columnId: activo, isReference: undefined, value: Object} @ webpack-internal:///(app-pages-browser)/./lib/table-system/core/services/logging-service.ts:43
[     261ms] [LOG] [DEBUG] Renderizando celda: {columnId: id, isReference: undefined, value: Object} @ webpack-internal:///(app-pages-browser)/./lib/table-system/core/services/logging-service.ts:43
[     261ms] [LOG] [DEBUG] Renderizando celda: {columnId: id, isReference: undefined, value: Object} @ webpack-internal:///(app-pages-browser)/./lib/table-system/core/services/logging-service.ts:43
[     261ms] [LOG] [DEBUG] Renderizando celda: {columnId: nombre, isReference: undefined, value: Object} @ webpack-internal:///(app-pages-browser)/./lib/table-system/core/services/logging-service.ts:43
[     261ms] [LOG] [DEBUG] Renderizando celda: {columnId: nombre, isReference: undefined, value: Object} @ webpack-internal:///(app-pages-browser)/./lib/table-system/core/services/logging-service.ts:43
[     261ms] [LOG] [DEBUG] Renderizando celda: {columnId: email, isReference: undefined, value: Object} @ webpack-internal:///(app-pages-browser)/./lib/table-system/core/services/logging-service.ts:43
[     261ms] [LOG] [DEBUG] Renderizando celda: {columnId: email, isReference: undefined, value: Object} @ webpack-internal:///(app-pages-browser)/./lib/table-system/core/services/logging-service.ts:43
[     261ms] [LOG] [DEBUG] Renderizando celda: {columnId: telefono, isReference: undefined, value: Object} @ webpack-internal:///(app-pages-browser)/./lib/table-system/core/services/logging-service.ts:43
[     261ms] [LOG] [DEBUG] Renderizando celda: {columnId: telefono, isReference: undefined, value: Object} @ webpack-internal:///(app-pages-browser)/./lib/table-system/core/services/logging-service.ts:43
[     261ms] [LOG] [DEBUG] Renderizando celda: {columnId: ciudad, isReference: undefined, value: Object} @ webpack-internal:///(app-pages-browser)/./lib/table-system/core/services/logging-service.ts:43
[     261ms] [LOG] [DEBUG] Renderizando celda: {columnId: ciudad, isReference: undefined, value: Object} @ webpack-internal:///(app-pages-browser)/./lib/table-system/core/services/logging-service.ts:43
[     262ms] [LOG] [DEBUG] Renderizando celda: {columnId: rol, isReference: undefined, value: Object} @ webpack-internal:///(app-pages-browser)/./lib/table-system/core/services/logging-service.ts:43
[     262ms] [LOG] [DEBUG] Renderizando celda: {columnId: rol, isReference: undefined, value: Object} @ webpack-internal:///(app-pages-browser)/./lib/table-system/core/services/logging-service.ts:43
[     262ms] [LOG] [DEBUG] Renderizando celda: {columnId: estado, isReference: undefined, value: Object} @ webpack-internal:///(app-pages-browser)/./lib/table-system/core/services/logging-service.ts:43
[     262ms] [LOG] [DEBUG] Renderizando celda: {columnId: estado, isReference: undefined, value: Object} @ webpack-internal:///(app-pages-browser)/./lib/table-system/core/services/logging-service.ts:43
[     262ms] [LOG] [DEBUG] Renderizando celda: {columnId: fechaRegistro, isReference: undefined, value: Object} @ webpack-internal:///(app-pages-browser)/./lib/table-system/core/services/logging-service.ts:43
[     262ms] [LOG] [DEBUG] Renderizando celda: {columnId: fechaRegistro, isReference: undefined, value: Object} @ webpack-internal:///(app-pages-browser)/./lib/table-system/core/services/logging-service.ts:43
[     262ms] [LOG] [DEBUG] Renderizando celda: {columnId: ultimoContacto, isReference: undefined, value: Object} @ webpack-internal:///(app-pages-browser)/./lib/table-system/core/services/logging-service.ts:43
[     262ms] [LOG] [DEBUG] Renderizando celda: {columnId: ultimoContacto, isReference: undefined, value: Object} @ webpack-internal:///(app-pages-browser)/./lib/table-system/core/services/logging-service.ts:43
[     262ms] [LOG] [DEBUG] Renderizando celda: {columnId: valorTotal, isReference: undefined, value: Object} @ webpack-internal:///(app-pages-browser)/./lib/table-system/core/services/logging-service.ts:43
[     262ms] [LOG] [DEBUG] Renderizando celda: {columnId: valorTotal, isReference: undefined, value: Object} @ webpack-internal:///(app-pages-browser)/./lib/table-system/core/services/logging-service.ts:43
[     262ms] [LOG] [DEBUG] Renderizando celda: {columnId: satisfaccion, isReference: undefined, value: Object} @ webpack-internal:///(app-pages-browser)/./lib/table-system/core/services/logging-service.ts:43
[     262ms] [LOG] [DEBUG] Renderizando celda: {columnId: satisfaccion, isReference: undefined, value: Object} @ webpack-internal:///(app-pages-browser)/./lib/table-system/core/services/logging-service.ts:43
[     262ms] [LOG] [DEBUG] Renderizando celda: {columnId: activo, isReference: undefined, value: Object} @ webpack-internal:///(app-pages-browser)/./lib/table-system/core/services/logging-service.ts:43
[     262ms] [LOG] [DEBUG] Renderizando celda: {columnId: activo, isReference: undefined, value: Object} @ webpack-internal:///(app-pages-browser)/./lib/table-system/core/services/logging-service.ts:43
[     263ms] [LOG] [DEBUG] Renderizando celda: {columnId: id, isReference: undefined, value: Object} @ webpack-internal:///(app-pages-browser)/./lib/table-system/core/services/logging-service.ts:43
[     263ms] [LOG] [DEBUG] Renderizando celda: {columnId: id, isReference: undefined, value: Object} @ webpack-internal:///(app-pages-browser)/./lib/table-system/core/services/logging-service.ts:43
[     263ms] [LOG] [DEBUG] Renderizando celda: {columnId: nombre, isReference: undefined, value: Object} @ webpack-internal:///(app-pages-browser)/./lib/table-system/core/services/logging-service.ts:43
[     263ms] [LOG] [DEBUG] Renderizando celda: {columnId: nombre, isReference: undefined, value: Object} @ webpack-internal:///(app-pages-browser)/./lib/table-system/core/services/logging-service.ts:43
[     263ms] [LOG] [DEBUG] Renderizando celda: {columnId: email, isReference: undefined, value: Object} @ webpack-internal:///(app-pages-browser)/./lib/table-system/core/services/logging-service.ts:43
[     263ms] [LOG] [DEBUG] Renderizando celda: {columnId: email, isReference: undefined, value: Object} @ webpack-internal:///(app-pages-browser)/./lib/table-system/core/services/logging-service.ts:43
[     263ms] [LOG] [DEBUG] Renderizando celda: {columnId: telefono, isReference: undefined, value: Object} @ webpack-internal:///(app-pages-browser)/./lib/table-system/core/services/logging-service.ts:43
[     263ms] [LOG] [DEBUG] Renderizando celda: {columnId: telefono, isReference: undefined, value: Object} @ webpack-internal:///(app-pages-browser)/./lib/table-system/core/services/logging-service.ts:43
[     263ms] [LOG] [DEBUG] Renderizando celda: {columnId: ciudad, isReference: undefined, value: Object} @ webpack-internal:///(app-pages-browser)/./lib/table-system/core/services/logging-service.ts:43
[     263ms] [LOG] [DEBUG] Renderizando celda: {columnId: ciudad, isReference: undefined, value: Object} @ webpack-internal:///(app-pages-browser)/./lib/table-system/core/services/logging-service.ts:43
[     263ms] [LOG] [DEBUG] Renderizando celda: {columnId: rol, isReference: undefined, value: Object} @ webpack-internal:///(app-pages-browser)/./lib/table-system/core/services/logging-service.ts:43
[     264ms] [LOG] [DEBUG] Renderizando celda: {columnId: rol, isReference: undefined, value: Object} @ webpack-internal:///(app-pages-browser)/./lib/table-system/core/services/logging-service.ts:43
[     264ms] [LOG] [DEBUG] Renderizando celda: {columnId: estado, isReference: undefined, value: Object} @ webpack-internal:///(app-pages-browser)/./lib/table-system/core/services/logging-service.ts:43
[     264ms] [LOG] [DEBUG] Renderizando celda: {columnId: estado, isReference: undefined, value: Object} @ webpack-internal:///(app-pages-browser)/./lib/table-system/core/services/logging-service.ts:43
[     264ms] [LOG] [DEBUG] Renderizando celda: {columnId: fechaRegistro, isReference: undefined, value: Object} @ webpack-internal:///(app-pages-browser)/./lib/table-system/core/services/logging-service.ts:43
[     264ms] [LOG] [DEBUG] Renderizando celda: {columnId: fechaRegistro, isReference: undefined, value: Object} @ webpack-internal:///(app-pages-browser)/./lib/table-system/core/services/logging-service.ts:43
[     264ms] [LOG] [DEBUG] Renderizando celda: {columnId: ultimoContacto, isReference: undefined, value: Object} @ webpack-internal:///(app-pages-browser)/./lib/table-system/core/services/logging-service.ts:43
[     264ms] [LOG] [DEBUG] Renderizando celda: {columnId: ultimoContacto, isReference: undefined, value: Object} @ webpack-internal:///(app-pages-browser)/./lib/table-system/core/services/logging-service.ts:43
[     264ms] [LOG] [DEBUG] Renderizando celda: {columnId: valorTotal, isReference: undefined, value: Object} @ webpack-internal:///(app-pages-browser)/./lib/table-system/core/services/logging-service.ts:43
[     264ms] [LOG] [DEBUG] Renderizando celda: {columnId: valorTotal, isReference: undefined, value: Object} @ webpack-internal:///(app-pages-browser)/./lib/table-system/core/services/logging-service.ts:43
[     264ms] [LOG] [DEBUG] Renderizando celda: {columnId: satisfaccion, isReference: undefined, value: Object} @ webpack-internal:///(app-pages-browser)/./lib/table-system/core/services/logging-service.ts:43
[     264ms] [LOG] [DEBUG] Renderizando celda: {columnId: satisfaccion, isReference: undefined, value: Object} @ webpack-internal:///(app-pages-browser)/./lib/table-system/core/services/logging-service.ts:43
[     264ms] [LOG] [DEBUG] Renderizando celda: {columnId: activo, isReference: undefined, value: Object} @ webpack-internal:///(app-pages-browser)/./lib/table-system/core/services/logging-service.ts:43
[     264ms] [LOG] [DEBUG] Renderizando celda: {columnId: activo, isReference: undefined, value: Object} @ webpack-internal:///(app-pages-browser)/./lib/table-system/core/services/logging-service.ts:43
[     265ms] [LOG] [DEBUG] Renderizando celda: {columnId: id, isReference: undefined, value: Object} @ webpack-internal:///(app-pages-browser)/./lib/table-system/core/services/logging-service.ts:43
[     265ms] [LOG] [DEBUG] Renderizando celda: {columnId: id, isReference: undefined, value: Object} @ webpack-internal:///(app-pages-browser)/./lib/table-system/core/services/logging-service.ts:43
[     265ms] [LOG] [DEBUG] Renderizando celda: {columnId: nombre, isReference: undefined, value: Object} @ webpack-internal:///(app-pages-browser)/./lib/table-system/core/services/logging-service.ts:43
[     265ms] [LOG] [DEBUG] Renderizando celda: {columnId: nombre, isReference: undefined, value: Object} @ webpack-internal:///(app-pages-browser)/./lib/table-system/core/services/logging-service.ts:43
[     265ms] [LOG] [DEBUG] Renderizando celda: {columnId: email, isReference: undefined, value: Object} @ webpack-internal:///(app-pages-browser)/./lib/table-system/core/services/logging-service.ts:43
[     265ms] [LOG] [DEBUG] Renderizando celda: {columnId: email, isReference: undefined, value: Object} @ webpack-internal:///(app-pages-browser)/./lib/table-system/core/services/logging-service.ts:43
[     266ms] [LOG] [DEBUG] Renderizando celda: {columnId: telefono, isReference: undefined, value: Object} @ webpack-internal:///(app-pages-browser)/./lib/table-system/core/services/logging-service.ts:43
[     266ms] [LOG] [DEBUG] Renderizando celda: {columnId: telefono, isReference: undefined, value: Object} @ webpack-internal:///(app-pages-browser)/./lib/table-system/core/services/logging-service.ts:43
[     266ms] [LOG] [DEBUG] Renderizando celda: {columnId: ciudad, isReference: undefined, value: Object} @ webpack-internal:///(app-pages-browser)/./lib/table-system/core/services/logging-service.ts:43
[     266ms] [LOG] [DEBUG] Renderizando celda: {columnId: ciudad, isReference: undefined, value: Object} @ webpack-internal:///(app-pages-browser)/./lib/table-system/core/services/logging-service.ts:43
[     266ms] [LOG] [DEBUG] Renderizando celda: {columnId: rol, isReference: undefined, value: Object} @ webpack-internal:///(app-pages-browser)/./lib/table-system/core/services/logging-service.ts:43
[     266ms] [LOG] [DEBUG] Renderizando celda: {columnId: rol, isReference: undefined, value: Object} @ webpack-internal:///(app-pages-browser)/./lib/table-system/core/services/logging-service.ts:43
[     266ms] [LOG] [DEBUG] Renderizando celda: {columnId: estado, isReference: undefined, value: Object} @ webpack-internal:///(app-pages-browser)/./lib/table-system/core/services/logging-service.ts:43
[     266ms] [LOG] [DEBUG] Renderizando celda: {columnId: estado, isReference: undefined, value: Object} @ webpack-internal:///(app-pages-browser)/./lib/table-system/core/services/logging-service.ts:43
[     266ms] [LOG] [DEBUG] Renderizando celda: {columnId: fechaRegistro, isReference: undefined, value: Object} @ webpack-internal:///(app-pages-browser)/./lib/table-system/core/services/logging-service.ts:43
[     267ms] [LOG] [DEBUG] Renderizando celda: {columnId: fechaRegistro, isReference: undefined, value: Object} @ webpack-internal:///(app-pages-browser)/./lib/table-system/core/services/logging-service.ts:43
[     267ms] [LOG] [DEBUG] Renderizando celda: {columnId: ultimoContacto, isReference: undefined, value: Object} @ webpack-internal:///(app-pages-browser)/./lib/table-system/core/services/logging-service.ts:43
[     267ms] [LOG] [DEBUG] Renderizando celda: {columnId: ultimoContacto, isReference: undefined, value: Object} @ webpack-internal:///(app-pages-browser)/./lib/table-system/core/services/logging-service.ts:43
[     267ms] [LOG] [DEBUG] Renderizando celda: {columnId: valorTotal, isReference: undefined, value: Object} @ webpack-internal:///(app-pages-browser)/./lib/table-system/core/services/logging-service.ts:43
[     267ms] [LOG] [DEBUG] Renderizando celda: {columnId: valorTotal, isReference: undefined, value: Object} @ webpack-internal:///(app-pages-browser)/./lib/table-system/core/services/logging-service.ts:43
[     267ms] [LOG] [DEBUG] Renderizando celda: {columnId: satisfaccion, isReference: undefined, value: Object} @ webpack-internal:///(app-pages-browser)/./lib/table-system/core/services/logging-service.ts:43
[     267ms] [LOG] [DEBUG] Renderizando celda: {columnId: satisfaccion, isReference: undefined, value: Object} @ webpack-internal:///(app-pages-browser)/./lib/table-system/core/services/logging-service.ts:43
[     267ms] [LOG] [DEBUG] Renderizando celda: {columnId: activo, isReference: undefined, value: Object} @ webpack-internal:///(app-pages-browser)/./lib/table-system/core/services/logging-service.ts:43
[     267ms] [LOG] [DEBUG] Renderizando celda: {columnId: activo, isReference: undefined, value: Object} @ webpack-internal:///(app-pages-browser)/./lib/table-system/core/services/logging-service.ts:43
[     269ms] [LOG] [DEBUG] Renderizando celda: {columnId: id, isReference: undefined, value: Object} @ webpack-internal:///(app-pages-browser)/./lib/table-system/core/services/logging-service.ts:43
[     269ms] [LOG] [DEBUG] Renderizando celda: {columnId: id, isReference: undefined, value: Object} @ webpack-internal:///(app-pages-browser)/./lib/table-system/core/services/logging-service.ts:43
[     269ms] [LOG] [DEBUG] Renderizando celda: {columnId: nombre, isReference: undefined, value: Object} @ webpack-internal:///(app-pages-browser)/./lib/table-system/core/services/logging-service.ts:43
[     269ms] [LOG] [DEBUG] Renderizando celda: {columnId: nombre, isReference: undefined, value: Object} @ webpack-internal:///(app-pages-browser)/./lib/table-system/core/services/logging-service.ts:43
[     269ms] [LOG] [DEBUG] Renderizando celda: {columnId: email, isReference: undefined, value: Object} @ webpack-internal:///(app-pages-browser)/./lib/table-system/core/services/logging-service.ts:43
[     269ms] [LOG] [DEBUG] Renderizando celda: {columnId: email, isReference: undefined, value: Object} @ webpack-internal:///(app-pages-browser)/./lib/table-system/core/services/logging-service.ts:43
[     269ms] [LOG] [DEBUG] Renderizando celda: {columnId: telefono, isReference: undefined, value: Object} @ webpack-internal:///(app-pages-browser)/./lib/table-system/core/services/logging-service.ts:43
[     269ms] [LOG] [DEBUG] Renderizando celda: {columnId: telefono, isReference: undefined, value: Object} @ webpack-internal:///(app-pages-browser)/./lib/table-system/core/services/logging-service.ts:43
[     269ms] [LOG] [DEBUG] Renderizando celda: {columnId: ciudad, isReference: undefined, value: Object} @ webpack-internal:///(app-pages-browser)/./lib/table-system/core/services/logging-service.ts:43
[     269ms] [LOG] [DEBUG] Renderizando celda: {columnId: ciudad, isReference: undefined, value: Object} @ webpack-internal:///(app-pages-browser)/./lib/table-system/core/services/logging-service.ts:43
[     270ms] [LOG] [DEBUG] Renderizando celda: {columnId: rol, isReference: undefined, value: Object} @ webpack-internal:///(app-pages-browser)/./lib/table-system/core/services/logging-service.ts:43
[     270ms] [LOG] [DEBUG] Renderizando celda: {columnId: rol, isReference: undefined, value: Object} @ webpack-internal:///(app-pages-browser)/./lib/table-system/core/services/logging-service.ts:43
[     270ms] [LOG] [DEBUG] Renderizando celda: {columnId: estado, isReference: undefined, value: Object} @ webpack-internal:///(app-pages-browser)/./lib/table-system/core/services/logging-service.ts:43
[     270ms] [LOG] [DEBUG] Renderizando celda: {columnId: estado, isReference: undefined, value: Object} @ webpack-internal:///(app-pages-browser)/./lib/table-system/core/services/logging-service.ts:43
[     270ms] [LOG] [DEBUG] Renderizando celda: {columnId: fechaRegistro, isReference: undefined, value: Object} @ webpack-internal:///(app-pages-browser)/./lib/table-system/core/services/logging-service.ts:43
[     270ms] [LOG] [DEBUG] Renderizando celda: {columnId: fechaRegistro, isReference: undefined, value: Object} @ webpack-internal:///(app-pages-browser)/./lib/table-system/core/services/logging-service.ts:43
[     270ms] [LOG] [DEBUG] Renderizando celda: {columnId: ultimoContacto, isReference: undefined, value: Object} @ webpack-internal:///(app-pages-browser)/./lib/table-system/core/services/logging-service.ts:43
[     270ms] [LOG] [DEBUG] Renderizando celda: {columnId: ultimoContacto, isReference: undefined, value: Object} @ webpack-internal:///(app-pages-browser)/./lib/table-system/core/services/logging-service.ts:43
[     270ms] [LOG] [DEBUG] Renderizando celda: {columnId: valorTotal, isReference: undefined, value: Object} @ webpack-internal:///(app-pages-browser)/./lib/table-system/core/services/logging-service.ts:43
[     270ms] [LOG] [DEBUG] Renderizando celda: {columnId: valorTotal, isReference: undefined, value: Object} @ webpack-internal:///(app-pages-browser)/./lib/table-system/core/services/logging-service.ts:43
[     270ms] [LOG] [DEBUG] Renderizando celda: {columnId: satisfaccion, isReference: undefined, value: Object} @ webpack-internal:///(app-pages-browser)/./lib/table-system/core/services/logging-service.ts:43
[     270ms] [LOG] [DEBUG] Renderizando celda: {columnId: satisfaccion, isReference: undefined, value: Object} @ webpack-internal:///(app-pages-browser)/./lib/table-system/core/services/logging-service.ts:43
[     270ms] [LOG] [DEBUG] Renderizando celda: {columnId: activo, isReference: undefined, value: Object} @ webpack-internal:///(app-pages-browser)/./lib/table-system/core/services/logging-service.ts:43
[     270ms] [LOG] [DEBUG] Renderizando celda: {columnId: activo, isReference: undefined, value: Object} @ webpack-internal:///(app-pages-browser)/./lib/table-system/core/services/logging-service.ts:43
[     271ms] [LOG] [DEBUG] Renderizando celda: {columnId: id, isReference: undefined, value: Object} @ webpack-internal:///(app-pages-browser)/./lib/table-system/core/services/logging-service.ts:43
[     271ms] [LOG] [DEBUG] Renderizando celda: {columnId: id, isReference: undefined, value: Object} @ webpack-internal:///(app-pages-browser)/./lib/table-system/core/services/logging-service.ts:43
[     272ms] [LOG] [DEBUG] Renderizando celda: {columnId: nombre, isReference: undefined, value: Object} @ webpack-internal:///(app-pages-browser)/./lib/table-system/core/services/logging-service.ts:43
[     272ms] [LOG] [DEBUG] Renderizando celda: {columnId: nombre, isReference: undefined, value: Object} @ webpack-internal:///(app-pages-browser)/./lib/table-system/core/services/logging-service.ts:43
[     272ms] [LOG] [DEBUG] Renderizando celda: {columnId: email, isReference: undefined, value: Object} @ webpack-internal:///(app-pages-browser)/./lib/table-system/core/services/logging-service.ts:43
[     272ms] [LOG] [DEBUG] Renderizando celda: {columnId: email, isReference: undefined, value: Object} @ webpack-internal:///(app-pages-browser)/./lib/table-system/core/services/logging-service.ts:43
[     272ms] [LOG] [DEBUG] Renderizando celda: {columnId: telefono, isReference: undefined, value: Object} @ webpack-internal:///(app-pages-browser)/./lib/table-system/core/services/logging-service.ts:43
[     272ms] [LOG] [DEBUG] Renderizando celda: {columnId: telefono, isReference: undefined, value: Object} @ webpack-internal:///(app-pages-browser)/./lib/table-system/core/services/logging-service.ts:43
[     272ms] [LOG] [DEBUG] Renderizando celda: {columnId: ciudad, isReference: undefined, value: Object} @ webpack-internal:///(app-pages-browser)/./lib/table-system/core/services/logging-service.ts:43
[     272ms] [LOG] [DEBUG] Renderizando celda: {columnId: ciudad, isReference: undefined, value: Object} @ webpack-internal:///(app-pages-browser)/./lib/table-system/core/services/logging-service.ts:43
[     272ms] [LOG] [DEBUG] Renderizando celda: {columnId: rol, isReference: undefined, value: Object} @ webpack-internal:///(app-pages-browser)/./lib/table-system/core/services/logging-service.ts:43
[     272ms] [LOG] [DEBUG] Renderizando celda: {columnId: rol, isReference: undefined, value: Object} @ webpack-internal:///(app-pages-browser)/./lib/table-system/core/services/logging-service.ts:43
[     272ms] [LOG] [DEBUG] Renderizando celda: {columnId: estado, isReference: undefined, value: Object} @ webpack-internal:///(app-pages-browser)/./lib/table-system/core/services/logging-service.ts:43
[     272ms] [LOG] [DEBUG] Renderizando celda: {columnId: estado, isReference: undefined, value: Object} @ webpack-internal:///(app-pages-browser)/./lib/table-system/core/services/logging-service.ts:43
[     273ms] [LOG] [DEBUG] Renderizando celda: {columnId: fechaRegistro, isReference: undefined, value: Object} @ webpack-internal:///(app-pages-browser)/./lib/table-system/core/services/logging-service.ts:43
[     273ms] [LOG] [DEBUG] Renderizando celda: {columnId: fechaRegistro, isReference: undefined, value: Object} @ webpack-internal:///(app-pages-browser)/./lib/table-system/core/services/logging-service.ts:43
[     273ms] [LOG] [DEBUG] Renderizando celda: {columnId: ultimoContacto, isReference: undefined, value: Object} @ webpack-internal:///(app-pages-browser)/./lib/table-system/core/services/logging-service.ts:43
[     273ms] [LOG] [DEBUG] Renderizando celda: {columnId: ultimoContacto, isReference: undefined, value: Object} @ webpack-internal:///(app-pages-browser)/./lib/table-system/core/services/logging-service.ts:43
[     273ms] [LOG] [DEBUG] Renderizando celda: {columnId: valorTotal, isReference: undefined, value: Object} @ webpack-internal:///(app-pages-browser)/./lib/table-system/core/services/logging-service.ts:43
[     273ms] [LOG] [DEBUG] Renderizando celda: {columnId: valorTotal, isReference: undefined, value: Object} @ webpack-internal:///(app-pages-browser)/./lib/table-system/core/services/logging-service.ts:43
[     273ms] [LOG] [DEBUG] Renderizando celda: {columnId: satisfaccion, isReference: undefined, value: Object} @ webpack-internal:///(app-pages-browser)/./lib/table-system/core/services/logging-service.ts:43
[     273ms] [LOG] [DEBUG] Renderizando celda: {columnId: satisfaccion, isReference: undefined, value: Object} @ webpack-internal:///(app-pages-browser)/./lib/table-system/core/services/logging-service.ts:43
[     273ms] [LOG] [DEBUG] Renderizando celda: {columnId: activo, isReference: undefined, value: Object} @ webpack-internal:///(app-pages-browser)/./lib/table-system/core/services/logging-service.ts:43
[     273ms] [LOG] [DEBUG] Renderizando celda: {columnId: activo, isReference: undefined, value: Object} @ webpack-internal:///(app-pages-browser)/./lib/table-system/core/services/logging-service.ts:43
[     274ms] [LOG] [DEBUG] Renderizando SecondaryTables: {level: 0, parentId: undefined, isLoading: false, arrayColumnsCount: 0, arrayColumns: Array(0)} @ webpack-internal:///(app-pages-browser)/./lib/table-system/core/services/logging-service.ts:43
[     274ms] [LOG] [DEBUG] Renderizando SecondaryTables: {level: 0, parentId: undefined, isLoading: false, arrayColumnsCount: 0, arrayColumns: Array(0)} @ webpack-internal:///(app-pages-browser)/./lib/table-system/core/services/logging-service.ts:43
[     863ms] [LOG] %c Console Ninja extension is connected to Next.js browser, background: rgb(30,30,30); color: rgb(255,213,92) see https://tinyurl.com/2vt8jxzw for more info. @ :0
[     888ms] Invalid or unexpected token
[    1821ms] [INFO] %cDownload the React DevTools for a better development experience: https://react.dev/link/react-devtools font-weight:bold @ webpack-internal:///(app-pages-browser)/./node_modules/next/dist/compiled/react-dom/cjs/react-dom-client.development.js:25630
